Clusters
k__Bacteria|p__Firmicutes|c__Bacilli|o__Lactobacillales|f__Enterococcaceae|g__Enterococcus|s__Enterococcus_faecalis	k__Bacteria|p__Firmicutes|c__Bacilli|o__Lactobacillales|f__Streptococcaceae|g__Streptococcus|s__Streptococcus_mitis
k__Bacteria|p__Actinobacteria|c__Actinobacteria|o__Actinomycetales|f__Corynebacteriaceae|g__Corynebacterium|s__Corynebacterium_amycolatum	k__Bacteria|p__Proteobacteria|c__Gammaproteobacteria|o__Pseudomonadales	k__Bacteria|p__Proteobacteria|c__Gammaproteobacteria|o__Pseudomonadales|f__Pseudomonadaceae|g__Pseudomonas
k__Bacteria|p__Actinobacteria|c__Actinobacteria|o__Actinomycetales|f__Actinomycetaceae|g__Actinomyces	k__Bacteria|p__Bacteroidetes|c__Flavobacteria|o__Flavobacteriales|f__Flavobacteriaceae	k__Bacteria|p__Bacteroidetes|c__Flavobacteria|o__Flavobacteriales|f__Flavobacteriaceae|g__Capnocytophaga	k__Bacteria|p__Proteobacteria|c__Betaproteobacteria|o__Neisseriales|f__Neisseriaceae|g__Neisseria|s__Neisseria_sicca
k__Bacteria|p__Bacteroidetes|c__Bacteroidia|o__Bacteroidales|f__Bacteroidaceae|g__Bacteroides|s__Bacteroides_cellulosilyticus	k__Bacteria|p__Bacteroidetes|c__Bacteroidia|o__Bacteroidales|f__Bacteroidaceae|g__Bacteroides|s__Bacteroides_ovatus	k__Bacteria|p__Bacteroidetes|c__Bacteroidia|o__Bacteroidales|f__Porphyromonadaceae|g__Parabacteroides|s__Parabacteroides_merdae	k__Bacteria|p__Bacteroidetes|c__Bacteroidia|o__Bacteroidales|f__Rikenellaceae|g__Alistipes|s__Alistipes_unclassified	k__Bacteria|p__Verrucomicrobia|c__Verrucomicrobiae|o__Verrucomicrobiales|f__Verrucomicrobiaceae|g__Akkermansia|s__Akkermansia_muciniphila
k__Bacteria|p__Actinobacteria|c__Actinobacteria|o__Actinomycetales|f__Mycobacteriaceae|g__Mycobacterium|s__Mycobacterium_abscessus	k__Bacteria|p__Firmicutes|c__Clostridia|o__Clostridiales|f__Clostridiales_Family_XI_Incertae_Sedis|g__Anaerococcus
k__Bacteria|p__Tenericutes|c__Mollicutes|o__Mycoplasmatales|f__Mycoplasmataceae|g__Ureaplasma	k__Bacteria|p__Tenericutes|c__Mollicutes|o__Mycoplasmatales|f__Mycoplasmataceae|g__Ureaplasma|s__Ureaplasma_unclassified
k__Bacteria|p__Actinobacteria|c__Actinobacteria|o__Actinomycetales	k__Bacteria|p__Firmicutes|c__Bacilli|o__Lactobacillales	k__Bacteria|p__Firmicutes|c__Bacilli|o__Lactobacillales|f__Lactobacillaceae	k__Bacteria|p__Firmicutes|c__Bacilli|o__Lactobacillales|f__Lactobacillaceae|g__Lactobacillus|s__Lactobacillus_crispatus	k__Bacteria|p__Firmicutes|c__Bacilli|o__Lactobacillales|f__Lactobacillaceae|g__Lactobacillus|s__Lactobacillus_jensenii	k__Bacteria|p__Firmicutes|c__Clostridia|o__Clostridiales
k__Bacteria|p__Actinobacteria|c__Actinobacteria|o__Actinomycetales|f__Mycobacteriaceae|g__Mycobacterium	k__Bacteria|p__Actinobacteria|c__Actinobacteria|o__Bifidobacteriales|f__Bifidobacteriaceae|g__Bifidobacterium	k__Bacteria|p__Actinobacteria|c__Actinobacteria|o__Coriobacteriales|f__Coriobacteriaceae|g__Atopobium	k__Bacteria|p__Firmicutes|c__Clostridia|o__Clostridiales|f__Clostridiales_Family_XI_Incertae_Sedis|g__Anaerococcus|s__Anaerococcus_lactolyticus	k__Bacteria|p__Firmicutes|c__Clostridia|o__Clostridiales|f__Clostridiales_Family_XI_Incertae_Sedis|g__Anaerococcus|s__Anaerococcus_vaginalis	k__Bacteria|p__Firmicutes|c__Clostridia|o__Clostridiales|f__Peptostreptococcaceae|g__Peptostreptococcus
k__Bacteria|p__Proteobacteria	k__Bacteria|p__Proteobacteria|c__Betaproteobacteria
k__Bacteria|p__Proteobacteria|c__Betaproteobacteria|o__Burkholderiales	k__Bacteria|p__Proteobacteria|c__Betaproteobacteria|o__Burkholderiales|f__Burkholderiaceae|g__Burkholderia|s__Burkholderia_unclassified
One	Two	MI	MID	Pperm	Pboot	P
k__Bacteria|p__Actinobacteria|c__Actinobacteria|o__Actinomycetales|f__Corynebacteriaceae|g__Corynebacterium|s__Corynebacterium_amycolatum	k__Bacteria|p__Proteobacteria|c__Betaproteobacteria|o__Burkholderiales	0.139233	0.860767	0.0833333	5.47091e-05	0.0833333
k__Bacteria|p__Actinobacteria|c__Actinobacteria|o__Actinomycetales|f__Actinomycetaceae|g__Actinomyces	k__Bacteria|p__Actinobacteria|c__Actinobacteria|o__Actinomycetales	0.11548	0.92714	0.321429	0.000971104	0.321429
k__Bacteria|p__Actinobacteria|c__Actinobacteria|o__Actinomycetales|f__Actinomycetaceae|g__Actinomyces	k__Bacteria|p__Proteobacteria	0.207123	0.86932	0.047619	3.18826e-15	0.047619
k__Bacteria|p__Actinobacteria|c__Actinobacteria|o__Actinomycetales|f__Mycobacteriaceae|g__Mycobacterium|s__Mycobacterium_abscessus	k__Bacteria|p__Actinobacteria|c__Actinobacteria|o__Actinomycetales|f__Mycobacteriaceae|g__Mycobacterium	0.139233	0.860767	0.0595238	1.50369e-05	0.0595238
k__Bacteria|p__Tenericutes|c__Mollicutes|o__Mycoplasmatales|f__Mycoplasmataceae|g__Ureaplasma	k__Bacteria|p__Actinobacteria|c__Actinobacteria|o__Actinomycetales	0.249204	0.911232	0.880952	1.68763e-21	0.880952
k__Bacteria|p__Tenericutes|c__Mollicutes|o__Mycoplasmatales|f__Mycoplasmataceae|g__Ureaplasma	k__Bacteria|p__Actinobacteria|c__Actinobacteria|o__Actinomycetales|f__Mycobacteriaceae|g__Mycobacterium	0.363904	0.870375	0.119048	5.64627e-29	0.119048
k__Bacteria|p__Tenericutes|c__Mollicutes|o__Mycoplasmatales|f__Mycoplasmataceae|g__Ureaplasma	k__Bacteria|p__Proteobacteria	0.186412	0.933599	0.833333	1.13323e-05	0.833333
k__Bacteria|p__Tenericutes|c__Mollicutes|o__Mycoplasmatales|f__Mycoplasmataceae|g__Ureaplasma	k__Bacteria|p__Proteobacteria|c__Betaproteobacteria|o__Burkholderiales	0.22384	0.913407	0.178571	8.94768e-07	0.178571
k__Bacteria|p__Tenericutes|c__Mollicutes|o__Mycoplasmatales|f__Mycoplasmataceae|g__Ureaplasma	k__Bacteria|p__Firmicutes|c__Clostridia|o__Clostridiales|f__Clostridiales_Family_XI_Incertae_Sedis|g__Anaerococcus|s__Anaerococcus_tetradius	0.16908	0.91546	0.0952381	5.10511e-08	0.0952381
k__Bacteria|p__Actinobacteria|c__Actinobacteria|o__Actinomycetales	k__Bacteria|p__Actinobacteria|c__Actinobacteria|o__Actinomycetales|f__Mycobacteriaceae|g__Mycobacterium	0.645521	0.770061	0.0238095	1.51737e-102	0.0238095
k__Bacteria|p__Actinobacteria|c__Actinobacteria|o__Actinomycetales	k__Bacteria|p__Proteobacteria	0.47485	0.830855	0.0952381	3.97005e-66	0.0952381
k__Bacteria|p__Actinobacteria|c__Actinobacteria|o__Actinomycetales	k__Bacteria|p__Proteobacteria|c__Betaproteobacteria|o__Burkholderiales	0.270275	0.895444	0.333333	6.96646e-14	0.333333
k__Bacteria|p__Actinobacteria|c__Actinobacteria|o__Actinomycetales	k__Bacteria|p__Firmicutes|c__Clostridia|o__Clostridiales|f__Clostridiales_Family_XI_Incertae_Sedis|g__Anaerococcus|s__Anaerococcus_tetradius	0.177097	0.911452	0.214286	1.38729e-12	0.214286
k__Bacteria|p__Actinobacteria|c__Actinobacteria|o__Actinomycetales	k__Bacteria|p__Firmicutes|c__Bacilli|o__Bacillales	0.11548	0.92714	0.345238	0.00333119	0.345238
k__Bacteria|p__Actinobacteria|c__Actinobacteria|o__Actinomycetales|f__Mycobacteriaceae|g__Mycobacterium	k__Bacteria|p__Proteobacteria	0.247397	0.911876	0.47619	3.91306e-11	0.47619
k__Bacteria|p__Actinobacteria|c__Actinobacteria|o__Actinomycetales|f__Mycobacteriaceae|g__Mycobacterium	k__Bacteria|p__Proteobacteria|c__Betaproteobacteria|o__Burkholderiales	0.21676	0.916146	0.214286	7.87945e-06	0.214286
k__Bacteria|p__Actinobacteria|c__Actinobacteria|o__Actinomycetales|f__Mycobacteriaceae|g__Mycobacterium	k__Bacteria|p__Firmicutes|c__Clostridia|o__Clostridiales|f__Clostridiales_Family_XI_Incertae_Sedis|g__Anaerococcus|s__Anaerococcus_tetradius	0.258307	0.870847	0.0714286	1.65264e-25	0.0714286
k__Bacteria|p__Proteobacteria	k__Bacteria|p__Proteobacteria|c__Betaproteobacteria|o__Burkholderiales	0.474772	0.816333	0.0238095	1.13119e-42	0.0238095
k__Bacteria|p__Proteobacteria	k__Bacteria|p__Firmicutes|c__Bacilli|o__Bacillales	0.125913	0.920558	0.214286	0.00366593	0.214286
k__Bacteria|p__Proteobacteria	k__Bacteria|p__Bacteroidetes|c__Bacteroidia|o__Bacteroidales|f__Bacteroidaceae|g__Bacteroides|s__Bacteroides_plebeius	0.139233	0.860767	0.0952381	4.18452e-06	0.0952381
k__Bacteria|p__Firmicutes|c__Bacilli|o__Bacillales	k__Bacteria|p__Bacteroidetes|c__Bacteroidia|o__Bacteroidales|f__Bacteroidaceae|g__Bacteroides|s__Bacteroides_plebeius	0.00114315	0.998857	0.047619	1	1
